Archive member included to satisfy reference by file (symbol)

/Applications/microchip/xc8/v2.50/avr/bin/../lib/gcc/avr/5.4.0/avrxmega3/libgcc.a(_copy_data.o)
                              build/default/production/newavr-main.o (__do_clear_bss)
/Applications/microchip/xc8/v2.50/avr/bin/../lib/gcc/avr/5.4.0/../../../../avr/lib/avrxmega3/libc.a(exit.o)
                              /Applications/microchip/mplabx/v6.15/packs/Microchip/ATmega_DFP/3.0.158/xc8/avr/lib/avrxmega3/crtatmega3208.o (exit)
/Applications/microchip/xc8/v2.50/avr/bin/../lib/gcc/avr/5.4.0/../../../../avr/lib/avrxmega3/libc.a(_Exit.o)
                              /Applications/microchip/xc8/v2.50/avr/bin/../lib/gcc/avr/5.4.0/../../../../avr/lib/avrxmega3/libc.a(exit.o) (_Exit)
/Applications/microchip/xc8/v2.50/avr/bin/../lib/gcc/avr/5.4.0/avrxmega3/libgcc.a(_exit.o)
                              /Applications/microchip/xc8/v2.50/avr/bin/../lib/gcc/avr/5.4.0/../../../../avr/lib/avrxmega3/libc.a(_Exit.o) (_exit)

Discarded input sections

 .data          0x0000000000000000        0x0 /Applications/microchip/mplabx/v6.15/packs/Microchip/ATmega_DFP/3.0.158/xc8/avr/lib/avrxmega3/crtatmega3208.o
 .bss           0x0000000000000000        0x0 /Applications/microchip/mplabx/v6.15/packs/Microchip/ATmega_DFP/3.0.158/xc8/avr/lib/avrxmega3/crtatmega3208.o
 .text          0x0000000000000000        0x0 build/default/production/newavr-main.o
 .data          0x0000000000000000        0x0 build/default/production/newavr-main.o
 .bss           0x0000000000000000        0x0 build/default/production/newavr-main.o
 .text          0x0000000000000000        0x0 /Applications/microchip/xc8/v2.50/avr/bin/../lib/gcc/avr/5.4.0/avrxmega3/libgcc.a(_copy_data.o)
 .data          0x0000000000000000        0x0 /Applications/microchip/xc8/v2.50/avr/bin/../lib/gcc/avr/5.4.0/avrxmega3/libgcc.a(_copy_data.o)
 .bss           0x0000000000000000        0x0 /Applications/microchip/xc8/v2.50/avr/bin/../lib/gcc/avr/5.4.0/avrxmega3/libgcc.a(_copy_data.o)
 .text.libgcc.mul
                0x0000000000000000        0x0 /Applications/microchip/xc8/v2.50/avr/bin/../lib/gcc/avr/5.4.0/avrxmega3/libgcc.a(_copy_data.o)
 .text.libgcc.div
                0x0000000000000000        0x0 /Applications/microchip/xc8/v2.50/avr/bin/../lib/gcc/avr/5.4.0/avrxmega3/libgcc.a(_copy_data.o)
 .text.libgcc   0x0000000000000000        0x0 /Applications/microchip/xc8/v2.50/avr/bin/../lib/gcc/avr/5.4.0/avrxmega3/libgcc.a(_copy_data.o)
 .text.libgcc.prologue
                0x0000000000000000        0x0 /Applications/microchip/xc8/v2.50/avr/bin/../lib/gcc/avr/5.4.0/avrxmega3/libgcc.a(_copy_data.o)
 .text.libgcc.builtins
                0x0000000000000000        0x0 /Applications/microchip/xc8/v2.50/avr/bin/../lib/gcc/avr/5.4.0/avrxmega3/libgcc.a(_copy_data.o)
 .text.libgcc.fmul
                0x0000000000000000        0x0 /Applications/microchip/xc8/v2.50/avr/bin/../lib/gcc/avr/5.4.0/avrxmega3/libgcc.a(_copy_data.o)
 .text.libgcc.fixed
                0x0000000000000000        0x0 /Applications/microchip/xc8/v2.50/avr/bin/../lib/gcc/avr/5.4.0/avrxmega3/libgcc.a(_copy_data.o)
 .text          0x0000000000000000        0x0 /Applications/microchip/xc8/v2.50/avr/bin/../lib/gcc/avr/5.4.0/../../../../avr/lib/avrxmega3/libc.a(exit.o)
 .data          0x0000000000000000        0x0 /Applications/microchip/xc8/v2.50/avr/bin/../lib/gcc/avr/5.4.0/../../../../avr/lib/avrxmega3/libc.a(exit.o)
 .bss           0x0000000000000000        0x0 /Applications/microchip/xc8/v2.50/avr/bin/../lib/gcc/avr/5.4.0/../../../../avr/lib/avrxmega3/libc.a(exit.o)
 .stack.descriptors
                0x0000000000000000       0x73 /Applications/microchip/xc8/v2.50/avr/bin/../lib/gcc/avr/5.4.0/../../../../avr/lib/avrxmega3/libc.a(exit.o)
 .text          0x0000000000000000        0x0 /Applications/microchip/xc8/v2.50/avr/bin/../lib/gcc/avr/5.4.0/../../../../avr/lib/avrxmega3/libc.a(_Exit.o)
 .data          0x0000000000000000        0x0 /Applications/microchip/xc8/v2.50/avr/bin/../lib/gcc/avr/5.4.0/../../../../avr/lib/avrxmega3/libc.a(_Exit.o)
 .bss           0x0000000000000000        0x0 /Applications/microchip/xc8/v2.50/avr/bin/../lib/gcc/avr/5.4.0/../../../../avr/lib/avrxmega3/libc.a(_Exit.o)
 .stack.descriptors
                0x0000000000000000       0x13 /Applications/microchip/xc8/v2.50/avr/bin/../lib/gcc/avr/5.4.0/../../../../avr/lib/avrxmega3/libc.a(_Exit.o)
 .text          0x0000000000000000        0x0 /Applications/microchip/xc8/v2.50/avr/bin/../lib/gcc/avr/5.4.0/avrxmega3/libgcc.a(_exit.o)
 .data          0x0000000000000000        0x0 /Applications/microchip/xc8/v2.50/avr/bin/../lib/gcc/avr/5.4.0/avrxmega3/libgcc.a(_exit.o)
 .bss           0x0000000000000000        0x0 /Applications/microchip/xc8/v2.50/avr/bin/../lib/gcc/avr/5.4.0/avrxmega3/libgcc.a(_exit.o)
 .text.libgcc.mul
                0x0000000000000000        0x0 /Applications/microchip/xc8/v2.50/avr/bin/../lib/gcc/avr/5.4.0/avrxmega3/libgcc.a(_exit.o)
 .text.libgcc.div
                0x0000000000000000        0x0 /Applications/microchip/xc8/v2.50/avr/bin/../lib/gcc/avr/5.4.0/avrxmega3/libgcc.a(_exit.o)
 .text.libgcc   0x0000000000000000        0x0 /Applications/microchip/xc8/v2.50/avr/bin/../lib/gcc/avr/5.4.0/avrxmega3/libgcc.a(_exit.o)
 .text.libgcc.prologue
                0x0000000000000000        0x0 /Applications/microchip/xc8/v2.50/avr/bin/../lib/gcc/avr/5.4.0/avrxmega3/libgcc.a(_exit.o)
 .stack.descriptors
                0x0000000000000000       0x13 /Applications/microchip/xc8/v2.50/avr/bin/../lib/gcc/avr/5.4.0/avrxmega3/libgcc.a(_exit.o)
 .text.libgcc.builtins
                0x0000000000000000        0x0 /Applications/microchip/xc8/v2.50/avr/bin/../lib/gcc/avr/5.4.0/avrxmega3/libgcc.a(_exit.o)
 .text.libgcc.fmul
                0x0000000000000000        0x0 /Applications/microchip/xc8/v2.50/avr/bin/../lib/gcc/avr/5.4.0/avrxmega3/libgcc.a(_exit.o)
 .text.libgcc.fixed
                0x0000000000000000        0x0 /Applications/microchip/xc8/v2.50/avr/bin/../lib/gcc/avr/5.4.0/avrxmega3/libgcc.a(_exit.o)

Memory Configuration

Name             Origin             Length             Attributes
text             0x0000000000000000 0x0000000000008000 xr
data             0x0000000000803000 0x0000000000001000 rw !x
eeprom           0x0000000000810000 0x0000000000000100 rw !x
fuse             0x0000000000820000 0x000000000000000a rw !x
lock             0x0000000000830000 0x0000000000000400 rw !x
signature        0x0000000000840000 0x0000000000000400 rw !x
user_signatures  0x0000000000850000 0x0000000000000400 rw !x
bootrow          0x0000000000860000 0x0000000000000400 rw !x
*default*        0x0000000000000000 0xffffffffffffffff

Linker script and memory map

Address of section .data set to 0x803000
                0x0000000000004000                __RODATA_PM_OFFSET__ = 0x4000
LOAD /Applications/microchip/mplabx/v6.15/packs/Microchip/ATmega_DFP/3.0.158/xc8/avr/lib/avrxmega3/crtatmega3208.o
                0x0000000000000001                __MPLAB_BUILD = 0x1
LOAD build/default/production/newavr-main.o
START GROUP
LOAD /Applications/microchip/xc8/v2.50/avr/bin/../lib/gcc/avr/5.4.0/../../../../avr/lib/avrxmega3/libm.a
END GROUP
START GROUP
LOAD /Applications/microchip/xc8/v2.50/avr/bin/../lib/gcc/avr/5.4.0/avrxmega3/libgcc.a
LOAD /Applications/microchip/xc8/v2.50/avr/bin/../lib/gcc/avr/5.4.0/../../../../avr/lib/avrxmega3/libm.a
LOAD /Applications/microchip/xc8/v2.50/avr/bin/../lib/gcc/avr/5.4.0/../../../../avr/lib/avrxmega3/libc.a
LOAD /Applications/microchip/mplabx/v6.15/packs/Microchip/ATmega_DFP/3.0.158/xc8/avr/lib/avrxmega3/libatmega3208.a
END GROUP
                [0x0000000000000000]                __TEXT_REGION_ORIGIN__ = DEFINED (__TEXT_REGION_ORIGIN__)?__TEXT_REGION_ORIGIN__:0x0
                [0x0000000000803000]                __DATA_REGION_ORIGIN__ = DEFINED (__DATA_REGION_ORIGIN__)?__DATA_REGION_ORIGIN__:0x802000
                [0x0000000000008000]                __TEXT_REGION_LENGTH__ = DEFINED (__TEXT_REGION_LENGTH__)?__TEXT_REGION_LENGTH__:0x100000
                [0x0000000000001000]                __DATA_REGION_LENGTH__ = DEFINED (__DATA_REGION_LENGTH__)?__DATA_REGION_LENGTH__:0xffa0
                [0x0000000000000100]                __EEPROM_REGION_LENGTH__ = DEFINED (__EEPROM_REGION_LENGTH__)?__EEPROM_REGION_LENGTH__:0x10000
                [0x000000000000000a]                __FUSE_REGION_LENGTH__ = DEFINED (__FUSE_REGION_LENGTH__)?__FUSE_REGION_LENGTH__:0x400
                0x0000000000000400                __LOCK_REGION_LENGTH__ = DEFINED (__LOCK_REGION_LENGTH__)?__LOCK_REGION_LENGTH__:0x400
                0x0000000000000400                __SIGNATURE_REGION_LENGTH__ = DEFINED (__SIGNATURE_REGION_LENGTH__)?__SIGNATURE_REGION_LENGTH__:0x400
                0x0000000000000400                __USER_SIGNATURE_REGION_LENGTH__ = DEFINED (__USER_SIGNATURE_REGION_LENGTH__)?__USER_SIGNATURE_REGION_LENGTH__:0x400
                0x0000000000008000                __RODATA_PM_OFFSET__ = DEFINED (__RODATA_PM_OFFSET__)?__RODATA_PM_OFFSET__:0x8000
                0x0000000000000400                __BOOTROW_REGION_LENGTH__ = DEFINED (__BOOTROW_REGION_LENGTH__)?__BOOTROW_REGION_LENGTH__:0x400

.hash
 *(.hash)

.dynsym
 *(.dynsym)

.dynstr
 *(.dynstr)

.gnu.version
 *(.gnu.version)

.gnu.version_d
 *(.gnu.version_d)

.gnu.version_r
 *(.gnu.version_r)

.rel.init
 *(.rel.init)

.rela.init
 *(.rela.init)

.rel.text
 *(.rel.text)
 *(.rel.text.*)
 *(.rel.gnu.linkonce.t*)

.rela.text
 *(.rela.text)
 *(.rela.text.*)
 *(.rela.gnu.linkonce.t*)

.rel.fini
 *(.rel.fini)

.rela.fini
 *(.rela.fini)

.rel.rodata
 *(.rel.rodata)
 *(.rel.rodata.*)
 *(.rel.gnu.linkonce.r*)

.rela.rodata
 *(.rela.rodata)
 *(.rela.rodata.*)
 *(.rela.gnu.linkonce.r*)

.rel.data
 *(.rel.data)
 *(.rel.data.*)
 *(.rel.gnu.linkonce.d*)

.rela.data
 *(.rela.data)
 *(.rela.data.*)
 *(.rela.gnu.linkonce.d*)

.rel.ctors
 *(.rel.ctors)

.rela.ctors
 *(.rela.ctors)

.rel.dtors
 *(.rel.dtors)

.rela.dtors
 *(.rela.dtors)

.rel.got
 *(.rel.got)

.rela.got
 *(.rela.got)

.rel.bss
 *(.rel.bss)

.rela.bss
 *(.rela.bss)

.rel.plt
 *(.rel.plt)

.rela.plt
 *(.rela.plt)

.text           0x0000000000000000       0xea
 *(.vectors)
 .vectors       0x0000000000000000       0x90 /Applications/microchip/mplabx/v6.15/packs/Microchip/ATmega_DFP/3.0.158/xc8/avr/lib/avrxmega3/crtatmega3208.o
                0x0000000000000000                __vectors
                0x0000000000000000                __vector_default
 *(.vectors)
 *(.progmem.gcc*)
 *(.dinit)
 .dinit         0x0000000000000090        0x5 data_init
                0x0000000000000096                . = ALIGN (0x2)
 *fill*         0x0000000000000095        0x1 
                0x0000000000000096                __trampolines_start = .
 *(.trampolines)
 .trampolines   0x0000000000000096        0x0 linker stubs
 *(.trampolines*)
                0x0000000000000096                __trampolines_end = .
 *libprintf_flt.a:*(.progmem.data)
 *libc.a:*(.progmem.data)
                0x0000000000000096                . = ALIGN (0x2)
 *(.jumptables)
 *(.jumptables*)
 *(.lowtext)
 *(.lowtext*)
                0x0000000000000096                __ctors_start = .
 *(.ctors)
                0x0000000000000096                __ctors_end = .
                0x0000000000000096                __dtors_start = .
 *(.dtors)
                0x0000000000000096                __dtors_end = .
 SORT(*)(.ctors)
 SORT(*)(.dtors)
 *(.init0)
 .init0         0x0000000000000096        0x0 /Applications/microchip/mplabx/v6.15/packs/Microchip/ATmega_DFP/3.0.158/xc8/avr/lib/avrxmega3/crtatmega3208.o
                0x0000000000000096                __init
 *(.init0)
 *(.init1)
 *(.init1)
 *(.init2)
 .init2         0x0000000000000096        0xc /Applications/microchip/mplabx/v6.15/packs/Microchip/ATmega_DFP/3.0.158/xc8/avr/lib/avrxmega3/crtatmega3208.o
 *(.init2)
 *(.init3)
 *(.init3)
 *(.init4)
 .init4         0x00000000000000a2       0x3c /Applications/microchip/xc8/v2.50/avr/bin/../lib/gcc/avr/5.4.0/avrxmega3/libgcc.a(_copy_data.o)
                0x00000000000000a2                __do_copy_data
                0x00000000000000d0                __do_clear_bss
 *(.init4)
 *(.init5)
 *(.init5)
 *(.init6)
 *(.init6)
 *(.init7)
 *(.init7)
 *(.init8)
 *(.init8)
 *(.init9)
 .init9         0x00000000000000de        0x8 /Applications/microchip/mplabx/v6.15/packs/Microchip/ATmega_DFP/3.0.158/xc8/avr/lib/avrxmega3/crtatmega3208.o
 *(.init9)
                0x00000000000000e6                . = ALIGN (0x2)
 *(.fini9)
 .fini9         0x00000000000000e6        0x0 /Applications/microchip/xc8/v2.50/avr/bin/../lib/gcc/avr/5.4.0/avrxmega3/libgcc.a(_exit.o)
                0x00000000000000e6                _exit
 *(.fini9)
 *(.fini8)
 *(.fini8)
 *(.fini7)
 *(.fini7)
 *(.fini6)
 *(.fini6)
 *(.fini5)
 *(.fini5)
 *(.fini4)
 *(.fini4)
 *(.fini3)
 *(.fini3)
 *(.fini2)
 *(.fini2)
 *(.fini1)
 *(.fini1)
 *(.fini0)
 .fini0         0x00000000000000e6        0x4 /Applications/microchip/xc8/v2.50/avr/bin/../lib/gcc/avr/5.4.0/avrxmega3/libgcc.a(_exit.o)
 *(.fini0)
                0x00000000000000ea                _etext = .

.data           0x0000000000803000        0x0 load address 0x00000000000000ea
                [!provide]                        PROVIDE (__data_start, .)
 *(.gnu.linkonce.d*)
                0x0000000000803000                . = ALIGN (0x2)
                0x0000000000803000                _edata = .
                [!provide]                        PROVIDE (__data_end, .)

.bss            0x0000000000803000        0x0
                [!provide]                        PROVIDE (__bss_start, .)
 *(COMMON)
                [!provide]                        PROVIDE (__bss_end, .)
                0x00000000000000ea                __data_load_start = LOADADDR (.data)
                0x00000000000000ea                __data_load_end = (__data_load_start + SIZEOF (.data))

.noinit         0x0000000000803000        0x0
                [!provide]                        PROVIDE (__noinit_start, .)
 *(.noinit*)
                [!provide]                        PROVIDE (__noinit_end, .)
                0x0000000000803000                _end = .

.eeprom         0x0000000000810000        0x0
 *(.eeprom*)
                0x0000000000810000                __eeprom_end = .

.fuse
 *(.fuse)
 *(.lfuse)
 *(.hfuse)
 *(.efuse)

.lock
 *(.lock*)

.signature
 *(.signature*)

.user_signatures
 *(.user_signatures*)

.bootrow
 *(.bootrow*)

.stab
 *(.stab)

.stabstr
 *(.stabstr)

.stab.excl
 *(.stab.excl)

.stab.exclstr
 *(.stab.exclstr)

.stab.index
 *(.stab.index)

.stab.indexstr
 *(.stab.indexstr)

.comment        0x0000000000000000       0x5b
 *(.comment)
 .comment       0x0000000000000000       0x2f build/default/production/newavr-main.o
                                         0x30 (size before relaxing)
 .comment       0x000000000000002f       0x2c /Applications/microchip/xc8/v2.50/avr/bin/../lib/gcc/avr/5.4.0/../../../../avr/lib/avrxmega3/libc.a(exit.o)
                                         0x2d (size before relaxing)
 .comment       0x000000000000005b       0x2d /Applications/microchip/xc8/v2.50/avr/bin/../lib/gcc/avr/5.4.0/../../../../avr/lib/avrxmega3/libc.a(_Exit.o)

.stack.descriptors.hdr
                0x0000000000000000       0x2a
 .stack.descriptors.hdr
                0x0000000000000000        0xe /Applications/microchip/xc8/v2.50/avr/bin/../lib/gcc/avr/5.4.0/../../../../avr/lib/avrxmega3/libc.a(exit.o)
 .stack.descriptors.hdr
                0x000000000000000e        0xe /Applications/microchip/xc8/v2.50/avr/bin/../lib/gcc/avr/5.4.0/../../../../avr/lib/avrxmega3/libc.a(_Exit.o)
 .stack.descriptors.hdr
                0x000000000000001c        0xe /Applications/microchip/xc8/v2.50/avr/bin/../lib/gcc/avr/5.4.0/avrxmega3/libgcc.a(_exit.o)

.note.GNU-stack
                0x0000000000000000        0x0
 .note.GNU-stack
                0x0000000000000000        0x0 /Applications/microchip/xc8/v2.50/avr/bin/../lib/gcc/avr/5.4.0/../../../../avr/lib/avrxmega3/libc.a(exit.o)
 .note.GNU-stack
                0x0000000000000000        0x0 /Applications/microchip/xc8/v2.50/avr/bin/../lib/gcc/avr/5.4.0/../../../../avr/lib/avrxmega3/libc.a(_Exit.o)

.note.gnu.build-id
 *(.note.gnu.build-id)

.debug
 *(.debug)

.line
 *(.line)

.debug_srcinfo
 *(.debug_srcinfo)

.debug_sfnames
 *(.debug_sfnames)

.debug_aranges  0x0000000000000000       0x80
 *(.debug_aranges)
 .debug_aranges
                0x0000000000000000       0x80 build/default/production/newavr-main.o

.debug_pubnames
 *(.debug_pubnames)

.debug_info     0x0000000000000000     0x38a2
 *(.debug_info .gnu.linkonce.wi.*)
 .debug_info    0x0000000000000000     0x25a7 /Applications/microchip/mplabx/v6.15/packs/Microchip/ATmega_DFP/3.0.158/xc8/avr/lib/avrxmega3/crtatmega3208.o
 .debug_info    0x00000000000025a7     0x12fb build/default/production/newavr-main.o

.debug_abbrev   0x0000000000000000     0x2671
 *(.debug_abbrev)
 .debug_abbrev  0x0000000000000000     0x23a4 /Applications/microchip/mplabx/v6.15/packs/Microchip/ATmega_DFP/3.0.158/xc8/avr/lib/avrxmega3/crtatmega3208.o
 .debug_abbrev  0x00000000000023a4      0x2cd build/default/production/newavr-main.o

.debug_line     0x0000000000000000      0x60b
 *(.debug_line .debug_line.* .debug_line_end)
 .debug_line    0x0000000000000000      0x16f /Applications/microchip/mplabx/v6.15/packs/Microchip/ATmega_DFP/3.0.158/xc8/avr/lib/avrxmega3/crtatmega3208.o
 .debug_line    0x000000000000016f      0x49c build/default/production/newavr-main.o

.debug_frame    0x0000000000000000      0x180
 *(.debug_frame)
 .debug_frame   0x0000000000000000      0x180 build/default/production/newavr-main.o

.debug_str      0x0000000000000000     0x105c
 *(.debug_str)
 .debug_str     0x0000000000000000      0xfdf /Applications/microchip/mplabx/v6.15/packs/Microchip/ATmega_DFP/3.0.158/xc8/avr/lib/avrxmega3/crtatmega3208.o
 .debug_str     0x0000000000000fdf       0x7d build/default/production/newavr-main.o

.debug_loc      0x0000000000000000      0x289
 *(.debug_loc)
 .debug_loc     0x0000000000000000      0x289 build/default/production/newavr-main.o

.debug_macinfo
 *(.debug_macinfo)

.debug_weaknames
 *(.debug_weaknames)

.debug_funcnames
 *(.debug_funcnames)

.debug_typenames
 *(.debug_typenames)

.debug_varnames
 *(.debug_varnames)

.debug_pubtypes
 *(.debug_pubtypes)

.debug_ranges   0x0000000000000000       0x88
 *(.debug_ranges)
 .debug_ranges  0x0000000000000000       0x88 build/default/production/newavr-main.o

.debug_macro
 *(.debug_macro)
OUTPUT(dist/default/production/project1.X.production.elf elf32-avr)
LOAD linker stubs
LOAD data_init

.note.gnu.avr.deviceinfo
                0x0000000000000000       0x40
 .note.gnu.avr.deviceinfo
                0x0000000000000000       0x40 /Applications/microchip/mplabx/v6.15/packs/Microchip/ATmega_DFP/3.0.158/xc8/avr/lib/avrxmega3/crtatmega3208.o

.bss.incr_5_pressed
                0x0000000000803000        0x1
 .bss.incr_5_pressed
                0x0000000000803000        0x1 build/default/production/newavr-main.o
                0x0000000000803000                incr_5_pressed

.bss.incr_1_pressed
                0x0000000000803001        0x1
 .bss.incr_1_pressed
                0x0000000000803001        0x1 build/default/production/newavr-main.o
                0x0000000000803001                incr_1_pressed

.bss.count_changed
                0x0000000000803002        0x1
 .bss.count_changed
                0x0000000000803002        0x1 build/default/production/newavr-main.o
                0x0000000000803002                count_changed

.bss.is_running
                0x0000000000803003        0x1
 .bss.is_running
                0x0000000000803003        0x1 build/default/production/newavr-main.o
                0x0000000000803003                is_running

.bss.start_button_pressed
                0x0000000000803004        0x1
 .bss.start_button_pressed
                0x0000000000803004        0x1 build/default/production/newavr-main.o
                0x0000000000803004                start_button_pressed

.bss.count      0x0000000000803005        0x1
 .bss.count     0x0000000000803005        0x1 build/default/production/newavr-main.o
                0x0000000000803005                count

.text.__vector_24
                0x00000000000000ea       0x92
 .text.__vector_24
                0x00000000000000ea       0x92 build/default/production/newavr-main.o
                0x00000000000000ea                __vector_24

.text.display_count_value
                0x000000000000017c       0x7e
 .text.display_count_value
                0x000000000000017c       0x7e build/default/production/newavr-main.o
                0x000000000000017c                display_count_value

.text.play_sound
                0x00000000000001fa       0x78
 .text.play_sound
                0x00000000000001fa       0x78 build/default/production/newavr-main.o
                0x00000000000001fa                play_sound

.text.handle_button_presses
                0x0000000000000272       0x76
 .text.handle_button_presses
                0x0000000000000272       0x76 build/default/production/newavr-main.o
                0x0000000000000272                handle_button_presses

.text.__vector_20
                0x00000000000002e8       0x6a
 .text.__vector_20
                0x00000000000002e8       0x6a build/default/production/newavr-main.o
                0x00000000000002e8                __vector_20

.text.init_io   0x0000000000000352       0x46
 .text.init_io  0x0000000000000352       0x46 build/default/production/newavr-main.o
                0x0000000000000352                init_io

.text.handle_count_change
                0x0000000000000398       0x42
 .text.handle_count_change
                0x0000000000000398       0x42 build/default/production/newavr-main.o
                0x0000000000000398                handle_count_change

.text.reset     0x00000000000003da       0x30
 .text.reset    0x00000000000003da       0x30 build/default/production/newavr-main.o
                0x00000000000003da                reset

.text.__vector_7
                0x000000000000040a       0x26
 .text.__vector_7
                0x000000000000040a       0x26 build/default/production/newavr-main.o
                0x000000000000040a                __vector_7

.text.init_tca  0x0000000000000430       0x1e
 .text.init_tca
                0x0000000000000430       0x1e build/default/production/newavr-main.o
                0x0000000000000430                init_tca

.text.start_timer
                0x000000000000044e       0x1c
 .text.start_timer
                0x000000000000044e       0x1c build/default/production/newavr-main.o
                0x000000000000044e                start_timer

.text.main      0x000000000000046a       0x1c
 .text.main     0x000000000000046a       0x1c build/default/production/newavr-main.o
                0x000000000000046a                main

.text.exit      0x0000000000000486       0x16
 .text.exit     0x0000000000000486       0x16 /Applications/microchip/xc8/v2.50/avr/bin/../lib/gcc/avr/5.4.0/../../../../avr/lib/avrxmega3/libc.a(exit.o)
                0x0000000000000486                exit

.text.button_debounce
                0x000000000000049c       0x14
 .text.button_debounce
                0x000000000000049c       0x14 build/default/production/newavr-main.o
                0x000000000000049c                button_debounce

.text           0x00000000000004b0        0x4
 .text          0x00000000000004b0        0x4 /Applications/microchip/mplabx/v6.15/packs/Microchip/ATmega_DFP/3.0.158/xc8/avr/lib/avrxmega3/crtatmega3208.o
                0x00000000000004b0                __vector_18
                0x00000000000004b0                __vector_28
                0x00000000000004b0                __vector_1
                0x00000000000004b0                __vector_32
                0x00000000000004b0                __vector_34
                0x00000000000004b0                __vector_12
                0x00000000000004b0                __bad_interrupt
                0x00000000000004b0                __vector_6
                0x00000000000004b0                __vector_31
                0x00000000000004b0                __vector_35
                0x00000000000004b0                __vector_3
                0x00000000000004b0                __vector_23
                0x00000000000004b0                __vector_30
                0x00000000000004b0                __vector_25
                0x00000000000004b0                __vector_11
                0x00000000000004b0                __vector_13
                0x00000000000004b0                __vector_17
                0x00000000000004b0                __vector_19
                0x00000000000004b0                __vector_27
                0x00000000000004b0                __vector_5
                0x00000000000004b0                __vector_33
                0x00000000000004b0                __vector_4
                0x00000000000004b0                __vector_9
                0x00000000000004b0                __vector_2
                0x00000000000004b0                __vector_21
                0x00000000000004b0                __vector_15
                0x00000000000004b0                __vector_29
                0x00000000000004b0                __vector_8
                0x00000000000004b0                __vector_26
                0x00000000000004b0                __vector_14
                0x00000000000004b0                __vector_10
                0x00000000000004b0                __vector_16
                0x00000000000004b0                __vector_22

.text._Exit     0x00000000000004b4        0x4
 .text._Exit    0x00000000000004b4        0x4 /Applications/microchip/xc8/v2.50/avr/bin/../lib/gcc/avr/5.4.0/../../../../avr/lib/avrxmega3/libc.a(_Exit.o)
                0x00000000000004b4                _Exit

.text.__dummy_fini
                0x00000000000004b8        0x2
 .text.__dummy_fini
                0x00000000000004b8        0x2 /Applications/microchip/xc8/v2.50/avr/bin/../lib/gcc/avr/5.4.0/../../../../avr/lib/avrxmega3/libc.a(exit.o)
                0x00000000000004b8                _fini

.text.__dummy_funcs_on_exit
                0x00000000000004ba        0x2
 .text.__dummy_funcs_on_exit
                0x00000000000004ba        0x2 /Applications/microchip/xc8/v2.50/avr/bin/../lib/gcc/avr/5.4.0/../../../../avr/lib/avrxmega3/libc.a(exit.o)
                0x00000000000004ba                __funcs_on_exit

.text.__dummy_simulator_exit
                0x00000000000004bc        0x2
 .text.__dummy_simulator_exit
                0x00000000000004bc        0x2 /Applications/microchip/xc8/v2.50/avr/bin/../lib/gcc/avr/5.4.0/../../../../avr/lib/avrxmega3/libc.a(exit.o)
                0x00000000000004bc                __simulator_exit
